[2026-09-25 06:20:48] EMAIL TO: contact@sportsandmice.com | SUBJECT: 🔔 New Form Submission [contact]: Max Mustermann

        
            
                New Website Form Submission
                Sports & MICE Website Notification
            
            
                
                    Form Type:contact
                    Name:Max Mustermann
                    Email:max@example.de
                    
                    Country:GermanyCity:FrankfurtAddress:Phone:
                    Message:We need sports event logistics and team hotel in Dubai.
                    Submitted At:2026-09-25 06:20:48
                
                
                    View in Admin Panel
                
            
            
                © 2026 Sports & MICE. All rights reserved.
            
        
        
------------------------------------------------------------
[2026-09-25 06:20:48] EMAIL TO: max@example.de | SUBJECT: Thank you for contacting K-Consulting Sports & MICE

        
            
                Sports &amp; MICE
                K-Consulting
            
            
                Dear Max Mustermann,
                
                    Thank you for contacting K-Consulting Sports & MICE. We have received your inquiry and our team will get in touch with you as soon as possible.
                
                
                    Summary of your request:
                    We need sports event logistics and team hotel in Dubai.
                
                
                    Best regards,
                    Your K-Consulting Team Sports &amp; MICE
                    Phone: +49 2241 343320 | E-Mail: contact@sportsandmice.com
                
            
            
                © 2026 Sports & MICE. Fritz-Pullig-Strasse 9, 53757 Sankt Augustin, Germany
            
        
        
------------------------------------------------------------
[2026-09-25 06:28:03] EMAIL TO: contact@sportsandmice.com | SUBJECT: 🔔 New Form Submission [contact]: Michael Schmidt

        
            
                New Website Form Submission
                Sports & MICE Website Notification
            
            
                
                    Form Type:contact
                    Name:Michael Schmidt
                    Email:michael.schmidt@sportsfederation.de
                    
                    Country:GermanyCity:CologneAddress:Olympiaweg 5Phone:
                    Message:Inquiry for field hockey training camp and hotel accommodation in CancInquiry for field hockey training camp and hotel accommodation in Cancun next season.
                    Submitted At:2026-09-25 06:28:03
                
                
                    View in Admin Panel
                
            
            
                © 2026 Sports & MICE. All rights reserved.
            
        
        
------------------------------------------------------------
[2026-09-25 06:28:03] EMAIL TO: michael.schmidt@sportsfederation.de | SUBJECT: Thank you for contacting K-Consulting Sports & MICE

        
            
                Sports &amp; MICE
                K-Consulting
            
            
                Dear Michael Schmidt,
                
                    Thank you for contacting K-Consulting Sports & MICE. We have received your inquiry and our team will get in touch with you as soon as possible.
                
                
                    Summary of your request:
                    Inquiry for field hockey training camp and hotel accommodation in CancInquiry for field hockey training camp and hotel accommodation in Cancun next season.
                
                
                    Best regards,
                    Your K-Consulting Team Sports &amp; MICE
                    Phone: +49 2241 343320 | E-Mail: contact@sportsandmice.com
                
            
            
                © 2026 Sports & MICE. Fritz-Pullig-Strasse 9, 53757 Sankt Augustin, Germany
            
        
        
------------------------------------------------------------
[2026-09-25 06:46:56] SMTP SUCCESS -> TO: jebaprakash115@gmail.com | SUBJECT: Test Email Connection from Sports & MICE
[2026-09-25 06:50:59] SMTP SUCCESS -> TO: jebaprakash115@gmail.com | SUBJECT: 🔔 New Form Submission Received from Dr. Alexander Weber
[2026-09-25 06:51:04] SMTP SUCCESS -> TO: jebaprakash115@gmail.com | SUBJECT: Thank you for contacting K-Consulting Sports & MICE - Inquiry Confirmation
[2026-09-25 06:58:15] SMTP SUCCESS -> TO: jebaprakash115@gmail.com | SUBJECT: 🔔 New Form Submission Received from Prakash
[2026-09-25 06:58:19] SMTP SUCCESS -> TO: jebaprakash03@gmail.com | SUBJECT: Thank you for contacting K-Consulting Sports & MICE - Inquiry Confirmation
[2026-09-25 07:04:19] SMTP SUCCESS -> TO: jebaprakash115@gmail.com | SUBJECT: 🔔 New Form Submission Received from Prakash
[2026-09-25 07:04:24] SMTP SUCCESS -> TO: jebaprakash03@gmail.com | SUBJECT: Thank you for contacting K-Consulting Sports & MICE - Inquiry Confirmation
[2026-09-25 07:34:05] SMTP SUCCESS -> TO: jebaprakash115@gmail.com | SUBJECT: 🔔 New Form Submission Received from Ramesh
[2026-09-25 07:34:10] SMTP SUCCESS -> TO: jackieramesh7842@gmail.com | SUBJECT: Thank you for contacting K-Consulting Sports & MICE - Inquiry Confirmation
[2026-09-25 07:37:16] SMTP SUCCESS -> TO: jebaprakash115@gmail.com | SUBJECT: 🔔 New Form Submission Received from Eswaran
[2026-09-25 07:37:21] SMTP SUCCESS -> TO: eswaranj934@gmail.com | SUBJECT: Thank you for contacting K-Consulting Sports & MICE - Inquiry Confirmation
[2026-09-28 04:24:40] SMTP SUCCESS -> TO: jebaprakash115@gmail.com | SUBJECT: 🔔 New Form Submission Received from Audit Test User
[2026-09-28 04:24:45] SMTP SUCCESS -> TO: audit.tester@sportsandmice.test | SUBJECT: Thank you for contacting K-Consulting Sports & MICE - Inquiry Confirmation
[2026-09-28 04:25:41] SMTP SUCCESS -> TO: jebaprakash115@gmail.com | SUBJECT: Test Subject
[2026-09-28 04:27:10] SMTP SUCCESS -> TO: jebaprakash115@gmail.com | SUBJECT: 🔔 New Form Submission Received from Audit Test User
[2026-09-28 04:27:14] SMTP SUCCESS -> TO: audit.tester@sportsandmice.test | SUBJECT: Thank you for contacting K-Consulting Sports & MICE - Inquiry Confirmation
[2026-09-28 05:29:48] SMTP SUCCESS -> TO: jebaprakash115@gmail.com | SUBJECT: 🔔 New Form Submission Received from Audit Test User
[2026-09-28 05:29:53] SMTP SUCCESS -> TO: audit.tester@sportsandmice.test | SUBJECT: Thank you for contacting K-Consulting Sports & MICE - Inquiry Confirmation
[2026-09-28 06:33:39] SMTP SUCCESS -> TO: jebaprakash115@gmail.com | SUBJECT: 🔔 New Form Submission Received from Audit Test User
[2026-09-28 06:33:44] SMTP SUCCESS -> TO: audit.tester@sportsandmice.test | SUBJECT: Thank you for contacting K-Consulting Sports & MICE - Inquiry Confirmation
[2026-09-28 06:48:25] SMTP SUCCESS -> TO: jebaprakash115@gmail.com | SUBJECT: 🔔 New Form Submission Received from Audit Test User
[2026-09-28 06:48:30] SMTP SUCCESS -> TO: audit.tester@sportsandmice.test | SUBJECT: Thank you for contacting K-Consulting Sports & MICE - Inquiry Confirmation
[2026-09-28 07:00:53] SMTP SUCCESS -> TO: jebaprakash115@gmail.com | SUBJECT: 🔔 New Form Submission Received from Audit Test User
[2026-09-28 07:00:57] SMTP SUCCESS -> TO: audit.tester@sportsandmice.test | SUBJECT: Thank you for contacting K-Consulting Sports & MICE - Inquiry Confirmation
[2026-09-28 07:05:13] SMTP SUCCESS -> TO: jebaprakash115@gmail.com | SUBJECT: 🔔 New Form Submission Received from Audit Test User
[2026-09-28 07:05:18] SMTP SUCCESS -> TO: audit.tester@sportsandmice.test | SUBJECT: Thank you for contacting K-Consulting Sports & MICE - Inquiry Confirmation
[2026-09-28 07:14:05] SMTP SUCCESS -> TO: jebaprakash115@gmail.com | SUBJECT: 🔔 New Form Submission Received from Audit Test User
[2026-09-28 07:14:10] SMTP SUCCESS -> TO: audit.tester@sportsandmice.test | SUBJECT: Thank you for contacting K-Consulting Sports & MICE - Inquiry Confirmation
[2026-09-28 08:16:03] SMTP SUCCESS -> TO: jebaprakash115@gmail.com | SUBJECT: 🔔 New Form Submission Received from Audit Test User
[2026-09-28 08:16:08] SMTP SUCCESS -> TO: audit.tester@sportsandmice.test | SUBJECT: Thank you for contacting K-Consulting Sports & MICE - Inquiry Confirmation
[2026-09-28 08:20:30] SMTP SUCCESS -> TO: jebaprakash115@gmail.com | SUBJECT: 🔔 New Form Submission Received from Audit Test User
[2026-09-28 08:20:35] SMTP SUCCESS -> TO: audit.tester@sportsandmice.test | SUBJECT: Thank you for contacting K-Consulting Sports & MICE - Inquiry Confirmation
[2026-09-28 08:30:05] SMTP SUCCESS -> TO: jebaprakash115@gmail.com | SUBJECT: 🔔 New Form Submission Received from Audit Test User
[2026-09-28 08:30:10] SMTP SUCCESS -> TO: audit.tester@sportsandmice.test | SUBJECT: Thank you for contacting K-Consulting Sports & MICE - Inquiry Confirmation
[2026-09-28 08:39:32] SMTP SUCCESS -> TO: jebaprakash115@gmail.com | SUBJECT: 🔔 New Form Submission Received from Audit Test User
[2026-09-28 08:39:38] SMTP SUCCESS -> TO: audit.tester@sportsandmice.test | SUBJECT: Thank you for contacting K-Consulting Sports & MICE - Inquiry Confirmation
[2026-09-28 08:45:44] SMTP SUCCESS -> TO: jebaprakash115@gmail.com | SUBJECT: 🔔 New Form Submission Received from Audit Test User
[2026-09-28 08:45:49] SMTP SUCCESS -> TO: audit.tester@sportsandmice.test | SUBJECT: Thank you for contacting K-Consulting Sports & MICE - Inquiry Confirmation
[2026-09-28 08:57:53] SMTP SUCCESS -> TO: jebaprakash115@gmail.com | SUBJECT: 🔔 New Form Submission Received from Audit Test User
[2026-09-28 08:57:58] SMTP SUCCESS -> TO: audit.tester@sportsandmice.test | SUBJECT: Thank you for contacting K-Consulting Sports & MICE - Inquiry Confirmation
[2026-09-28 09:37:43] SMTP SUCCESS -> TO: jebaprakash115@gmail.com | SUBJECT: 🔔 New Form Submission Received from Audit Test User
[2026-09-28 09:37:48] SMTP SUCCESS -> TO: audit.tester@sportsandmice.test | SUBJECT: Thank you for contacting K-Consulting Sports & MICE - Inquiry Confirmation
[2026-09-28 09:42:09] SMTP SUCCESS -> TO: jebaprakash115@gmail.com | SUBJECT: 🔔 New Form Submission Received from Audit Test User
[2026-09-28 09:42:14] SMTP SUCCESS -> TO: audit.tester@sportsandmice.test | SUBJECT: Thank you for contacting K-Consulting Sports & MICE - Inquiry Confirmation
[2026-09-28 09:46:19] SMTP SUCCESS -> TO: jebaprakash115@gmail.com | SUBJECT: 🔔 New Form Submission Received from Audit Test User
[2026-09-28 09:46:23] SMTP SUCCESS -> TO: audit.tester@sportsandmice.test | SUBJECT: Thank you for contacting K-Consulting Sports & MICE - Inquiry Confirmation
[2026-09-28 09:49:30] SMTP SUCCESS -> TO: jebaprakash115@gmail.com | SUBJECT: 🔔 New Form Submission Received from Audit Test User
[2026-09-28 09:49:35] SMTP SUCCESS -> TO: audit.tester@sportsandmice.test | SUBJECT: Thank you for contacting K-Consulting Sports & MICE - Inquiry Confirmation
[2026-09-28 09:53:04] SMTP SUCCESS -> TO: jebaprakash115@gmail.com | SUBJECT: 🔔 New Form Submission Received from Audit Test User
[2026-09-28 09:53:09] SMTP SUCCESS -> TO: audit.tester@sportsandmice.test | SUBJECT: Thank you for contacting K-Consulting Sports & MICE - Inquiry Confirmation
[2026-09-28 09:56:17] SMTP SUCCESS -> TO: jebaprakash115@gmail.com | SUBJECT: 🔔 New Form Submission Received from Audit Test User
[2026-09-28 09:56:22] SMTP SUCCESS -> TO: audit.tester@sportsandmice.test | SUBJECT: Thank you for contacting K-Consulting Sports & MICE - Inquiry Confirmation
[2026-09-28 09:57:52] SMTP SUCCESS -> TO: jebaprakash115@gmail.com | SUBJECT: 🔔 New Form Submission Received from Audit Test User
[2026-09-28 09:57:57] SMTP SUCCESS -> TO: audit.tester@sportsandmice.test | SUBJECT: Thank you for contacting K-Consulting Sports & MICE - Inquiry Confirmation
[2026-09-28 10:02:58] SMTP SUCCESS -> TO: jebaprakash115@gmail.com | SUBJECT: 🔔 New Form Submission Received from Audit Test User
[2026-09-28 10:03:05] SMTP SUCCESS -> TO: audit.tester@sportsandmice.test | SUBJECT: Thank you for contacting K-Consulting Sports & MICE - Inquiry Confirmation
[2026-09-28 10:06:33] SMTP SUCCESS -> TO: jebaprakash115@gmail.com | SUBJECT: 🔔 New Form Submission Received from Audit Test User
[2026-09-28 10:06:38] SMTP SUCCESS -> TO: audit.tester@sportsandmice.test | SUBJECT: Thank you for contacting K-Consulting Sports & MICE - Inquiry Confirmation
[2026-09-28 10:20:14] SMTP SUCCESS -> TO: jebaprakash115@gmail.com | SUBJECT: 🔔 New Form Submission Received from Audit Test User
[2026-09-28 10:20:19] SMTP SUCCESS -> TO: audit.tester@sportsandmice.test | SUBJECT: Thank you for contacting K-Consulting Sports & MICE - Inquiry Confirmation
[2026-09-28 10:27:18] SMTP SUCCESS -> TO: jebaprakash115@gmail.com | SUBJECT: 🔔 New Form Submission Received from Audit Test User
[2026-09-28 10:27:23] SMTP SUCCESS -> TO: audit.tester@sportsandmice.test | SUBJECT: Thank you for contacting K-Consulting Sports & MICE - Inquiry Confirmation
